EN mem_decoder NULL /home/ccureau/git/Raven68k/Xilinx/Raven68k/mem_decoder.vhd sub00/vhpl04 1530475359
EN irq NULL /home/ccureau/git/Raven68k/Xilinx/Raven68k/irq.vhd sub00/vhpl08 1530475355
AR bus_error behavioral /home/ccureau/git/Raven68k/Xilinx/Raven68k/bus_error.vhd sub00/vhpl03 1530475358
AR irq behavioral /home/ccureau/git/Raven68k/Xilinx/Raven68k/irq.vhd sub00/vhpl09 1530475356
AR dtack behavioral /home/ccureau/git/Raven68k/Xilinx/Raven68k/dtack.vhd sub00/vhpl07 1530475362
EN dtack NULL /home/ccureau/git/Raven68k/Xilinx/Raven68k/dtack.vhd sub00/vhpl06 1530475361
AR cpld behavioral /home/ccureau/git/Raven68k/Xilinx/Raven68k/cpld.vhd sub00/vhpl01 1530475364
EN bus_error NULL /home/ccureau/git/Raven68k/Xilinx/Raven68k/bus_error.vhd sub00/vhpl02 1530475357
AR mem_decoder behavioral /home/ccureau/git/Raven68k/Xilinx/Raven68k/mem_decoder.vhd sub00/vhpl05 1530475360
EN cpld NULL /home/ccureau/git/Raven68k/Xilinx/Raven68k/cpld.vhd sub00/vhpl00 1530475363
