EN mem_decoder NULL C:/Users/Chris/git/Raven68k/Xilinx/Raven68k/mem_decoder.vhd sub00/vhpl04 1530551696
AR mem_decoder behavioral C:/Users/Chris/git/Raven68k/Xilinx/Raven68k/mem_decoder.vhd sub00/vhpl05 1530551697
EN irq NULL C:/Users/Chris/git/Raven68k/Xilinx/Raven68k/irq.vhd sub00/vhpl08 1530551692
AR irq behavioral C:/Users/Chris/git/Raven68k/Xilinx/Raven68k/irq.vhd sub00/vhpl09 1530551693
AR cpld behavioral C:/Users/Chris/git/Raven68k/Xilinx/Raven68k/cpld.vhd sub00/vhpl01 1530551701
EN mem_dtack NULL C:/Users/Chris/git/Raven68k/Xilinx/Raven68k/mem_dtack.vhd sub00/vhpl10 1530550804
EN dtack NULL C:/Users/Chris/git/Raven68k/Xilinx/Raven68k/dtack.vhd sub00/vhpl06 1530551698
EN bus_error NULL C:/Users/Chris/git/Raven68k/Xilinx/Raven68k/bus_error.vhd sub00/vhpl02 1530551694
AR dtack behavioral C:/Users/Chris/git/Raven68k/Xilinx/Raven68k/dtack.vhd sub00/vhpl07 1530551699
EN cpld NULL C:/Users/Chris/git/Raven68k/Xilinx/Raven68k/cpld.vhd sub00/vhpl00 1530551700
AR bus_error behavioral C:/Users/Chris/git/Raven68k/Xilinx/Raven68k/bus_error.vhd sub00/vhpl03 1530551695
