EN mem_decoder NULL /home/ccureau/xilinx-proj/cpld/cpld/mem_decoder.vhd sub00/vhpl04 1530469274
EN irq NULL /home/ccureau/xilinx-proj/cpld/cpld/irq.vhd sub00/vhpl08 1530469270
AR bus_error behavioral /home/ccureau/xilinx-proj/cpld/cpld/bus_error.vhd sub00/vhpl03 1530469273
AR irq behavioral /home/ccureau/xilinx-proj/cpld/cpld/irq.vhd sub00/vhpl09 1530469271
AR dtack behavioral /home/ccureau/xilinx-proj/cpld/cpld/dtack.vhd sub00/vhpl07 1530469277
EN dtack NULL /home/ccureau/xilinx-proj/cpld/cpld/dtack.vhd sub00/vhpl06 1530469276
AR cpld behavioral /home/ccureau/xilinx-proj/cpld/cpld/cpld.vhd sub00/vhpl01 1530469279
EN bus_error NULL /home/ccureau/xilinx-proj/cpld/cpld/bus_error.vhd sub00/vhpl02 1530469272
AR mem_decoder behavioral /home/ccureau/xilinx-proj/cpld/cpld/mem_decoder.vhd sub00/vhpl05 1530469275
EN cpld NULL /home/ccureau/xilinx-proj/cpld/cpld/cpld.vhd sub00/vhpl00 1530469278
