V3 24
FL /home/ccureau/git/Raven68k/Xilinx/Raven68k/bus_error.vhd 2018/07/01.13:54:41 K.31
EN work/bus_error 1530475357 \
      FL /home/ccureau/git/Raven68k/Xilinx/Raven68k/bus_error.vhd \
      PB ieee/std_logic_1164 1200023565 PH ieee/NUMERIC_STD 1200023568
AR work/bus_error/Behavioral 1530475358 \
      FL /home/ccureau/git/Raven68k/Xilinx/Raven68k/bus_error.vhd \
      EN work/bus_error 1530475357
FL /home/ccureau/git/Raven68k/Xilinx/Raven68k/cpld.vhd 2018/07/01.14:59:31 K.31
EN work/cpld 1530475363 FL /home/ccureau/git/Raven68k/Xilinx/Raven68k/cpld.vhd \
      PB ieee/std_logic_1164 1200023565 PH ieee/NUMERIC_STD 1200023568
AR work/cpld/Behavioral 1530475364 \
      FL /home/ccureau/git/Raven68k/Xilinx/Raven68k/cpld.vhd EN work/cpld 1530475363 \
      CP irq CP bus_error CP mem_decoder CP dtack
FL /home/ccureau/git/Raven68k/Xilinx/Raven68k/dtack.vhd 2018/07/01.15:02:27 K.31
EN work/dtack 1530475361 FL /home/ccureau/git/Raven68k/Xilinx/Raven68k/dtack.vhd \
      PB ieee/std_logic_1164 1200023565 PB ieee/std_logic_arith 1200023566 \
      PB ieee/STD_LOGIC_UNSIGNED 1200023567
AR work/dtack/Behavioral 1530475362 \
      FL /home/ccureau/git/Raven68k/Xilinx/Raven68k/dtack.vhd EN work/dtack 1530475361
FL /home/ccureau/git/Raven68k/Xilinx/Raven68k/irq.vhd 2018/07/01.13:54:41 K.31
EN work/irq 1530475355 FL /home/ccureau/git/Raven68k/Xilinx/Raven68k/irq.vhd \
      PB ieee/std_logic_1164 1200023565 PB ieee/std_logic_arith 1200023566 \
      PB ieee/STD_LOGIC_UNSIGNED 1200023567
AR work/irq/Behavioral 1530475356 \
      FL /home/ccureau/git/Raven68k/Xilinx/Raven68k/irq.vhd EN work/irq 1530475355
FL /home/ccureau/git/Raven68k/Xilinx/Raven68k/mem_decoder.vhd 2018/07/01.13:54:41 K.31
EN work/mem_decoder 1530475359 \
      FL /home/ccureau/git/Raven68k/Xilinx/Raven68k/mem_decoder.vhd \
      PB ieee/std_logic_1164 1200023565 PH ieee/NUMERIC_STD 1200023568
AR work/mem_decoder/Behavioral 1530475360 \
      FL /home/ccureau/git/Raven68k/Xilinx/Raven68k/mem_decoder.vhd \
      EN work/mem_decoder 1530475359
FL /home/ccureau/xilinx-proj/cpld/cpld/bus_error.vhd 2018/07/01.12:52:17 K.31
FL /home/ccureau/xilinx-proj/cpld/cpld/cpld.vhd 2018/07/01.13:10:30 K.31
FL /home/ccureau/xilinx-proj/cpld/cpld/dtack.vhd 2018/07/01.13:21:07 K.31
FL /home/ccureau/xilinx-proj/cpld/cpld/irq.vhd 2018/07/01.12:37:21 K.31
FL /home/ccureau/xilinx-proj/cpld/cpld/mem_decoder.vhd 2018/07/01.13:12:29 K.31
