V3 32
FL /home/ccureau/git/Raven68k/Xilinx/Raven68k/bus_error.vhd 2018/07/01.13:54:41 K.31
FL /home/ccureau/git/Raven68k/Xilinx/Raven68k/cpld.vhd 2018/07/01.14:59:31 K.31
FL /home/ccureau/git/Raven68k/Xilinx/Raven68k/dtack.vhd 2018/07/01.15:02:27 K.31
FL /home/ccureau/git/Raven68k/Xilinx/Raven68k/irq.vhd 2018/07/01.13:54:41 K.31
FL /home/ccureau/git/Raven68k/Xilinx/Raven68k/mem_decoder.vhd 2018/07/01.13:54:41 K.31
FL /home/ccureau/xilinx-proj/cpld/cpld/bus_error.vhd 2018/07/01.12:52:17 K.31
FL /home/ccureau/xilinx-proj/cpld/cpld/cpld.vhd 2018/07/01.13:10:30 K.31
FL /home/ccureau/xilinx-proj/cpld/cpld/dtack.vhd 2018/07/01.13:21:07 K.31
FL /home/ccureau/xilinx-proj/cpld/cpld/irq.vhd 2018/07/01.12:37:21 K.31
FL /home/ccureau/xilinx-proj/cpld/cpld/mem_decoder.vhd 2018/07/01.13:12:29 K.31
FL C:/Users/Chris/git/Raven68k/Xilinx/Raven68k/bus_error.vhd 2018/07/02.10:09:14 K.31
EN work/bus_error 1530552268 \
      FL C:/Users/Chris/git/Raven68k/Xilinx/Raven68k/bus_error.vhd \
      PB ieee/std_logic_1164 1200023565 PH ieee/NUMERIC_STD 1200023568
AR work/bus_error/Behavioral 1530552269 \
      FL C:/Users/Chris/git/Raven68k/Xilinx/Raven68k/bus_error.vhd \
      EN work/bus_error 1530552268
FL C:/Users/Chris/git/Raven68k/Xilinx/Raven68k/cpld.vhd 2018/07/02.12:24:21 K.31
EN work/cpld 1530552274 FL C:/Users/Chris/git/Raven68k/Xilinx/Raven68k/cpld.vhd \
      PB ieee/std_logic_1164 1200023565 PH ieee/NUMERIC_STD 1200023568
AR work/cpld/Behavioral 1530552275 \
      FL C:/Users/Chris/git/Raven68k/Xilinx/Raven68k/cpld.vhd EN work/cpld 1530552274 \
      CP irq CP bus_error CP mem_decoder CP dtack
FL C:/Users/Chris/git/Raven68k/Xilinx/Raven68k/dtack.vhd 2018/07/02.09:37:17 K.31
EN work/dtack 1530552272 FL C:/Users/Chris/git/Raven68k/Xilinx/Raven68k/dtack.vhd \
      PB ieee/std_logic_1164 1200023565 PB ieee/std_logic_arith 1200023566 \
      PB ieee/STD_LOGIC_UNSIGNED 1200023567
AR work/dtack/Behavioral 1530552273 \
      FL C:/Users/Chris/git/Raven68k/Xilinx/Raven68k/dtack.vhd EN work/dtack 1530552272
FL C:/Users/Chris/git/Raven68k/Xilinx/Raven68k/irq.vhd 2018/07/02.12:12:43 K.31
EN work/irq 1530552266 FL C:/Users/Chris/git/Raven68k/Xilinx/Raven68k/irq.vhd \
      PB ieee/std_logic_1164 1200023565 PB ieee/std_logic_arith 1200023566 \
      PB ieee/STD_LOGIC_UNSIGNED 1200023567
AR work/irq/Behavioral 1530552267 \
      FL C:/Users/Chris/git/Raven68k/Xilinx/Raven68k/irq.vhd EN work/irq 1530552266
FL C:/Users/Chris/git/Raven68k/Xilinx/Raven68k/mem_decoder.vhd 2018/07/02.12:11:23 K.31
EN work/mem_decoder 1530552270 \
      FL C:/Users/Chris/git/Raven68k/Xilinx/Raven68k/mem_decoder.vhd \
      PB ieee/std_logic_1164 1200023565 PH ieee/NUMERIC_STD 1200023568
AR work/mem_decoder/Behavioral 1530552271 \
      FL C:/Users/Chris/git/Raven68k/Xilinx/Raven68k/mem_decoder.vhd \
      EN work/mem_decoder 1530552270
FL C:/Users/Chris/git/Raven68k/Xilinx/Raven68k/mem_dtack.vhd 2018/07/02.11:59:42 K.31
EN work/mem_dtack 0 FL C:/Users/Chris/git/Raven68k/Xilinx/Raven68k/mem_dtack.vhd \
      PB ieee/std_logic_1164 1200023565 PB ieee/std_logic_arith 1200023566 \
      PB ieee/STD_LOGIC_UNSIGNED 1200023567
AR work/mem_dtack/Behavioral 0 \
      FL C:/Users/Chris/git/Raven68k/Xilinx/Raven68k/mem_dtack.vhd \
      EN work/mem_dtack 0
