
Memory Configuration

Name             Origin             Length             Attributes
ROM              0x0000000000ff0000 0x0000000000010000 xr
RAM              0x0000000000000000 0x0000000000100000 xrw
*default*        0x0000000000000000 0xffffffffffffffff

Linker script and memory map

                0x0000000000000400                stack_size = 0x400
                0x00000000000ffff0                _stack_start = ((ORIGIN (RAM) + LENGTH (RAM)) - 0x10)
                0x00000000000ffbf0                _stack_end = (_stack_start - stack_size)
                0x0000000000000000                _ram_start = ORIGIN (RAM)
                0x0000000000100000                _ram_end = (ORIGIN (RAM) + LENGTH (RAM))
                0x0000000000ff0000                _rom_start = ORIGIN (ROM)
                0x0000000001000000                _rom_end = (ORIGIN (ROM) + LENGTH (ROM))

.text           0x0000000000ff0000      0x8c4
                0x0000000000ff0000                . = ALIGN (0x4)
 *(.vectors)
 .vectors       0x0000000000ff0000      0x400 firmware.o
                0x0000000000ff0400                . = ALIGN (0x4)
 *(.text)
 .text          0x0000000000ff0400      0x4c4 firmware.o
                0x0000000000ff08c4                . = ALIGN (0x4)

.data           0x0000000000ff08c4        0x0
 *(.data)
 .data          0x0000000000ff08c4        0x0 firmware.o

.bss            0x0000000000000000        0x0
 *(.bss)
 .bss           0x0000000000000000        0x0 firmware.o
 *(COMMON)
LOAD firmware.o
OUTPUT(firmware.a elf32-m68k)
