Release 10.1 - xst K.31 (nt64)
Copyright (c) 1995-2008 Xilinx, Inc.  All rights reserved.
--> Parameter TMPDIR set to C:/Users/Chris/git/Raven68k/Xilinx/Raven68k/xst/projnav.tmp


Total REAL time to Xst completion: 1.00 secs
Total CPU time to Xst completion: 0.28 secs
 
--> Parameter xsthdpdir set to C:/Users/Chris/git/Raven68k/Xilinx/Raven68k/xst


Total REAL time to Xst completion: 1.00 secs
Total CPU time to Xst completion: 0.28 secs
 
--> Reading design: cpld.prj

TABLE OF CONTENTS
  1) Synthesis Options Summary
  2) HDL Compilation
  3) Design Hierarchy Analysis
  4) HDL Analysis
  5) HDL Synthesis
     5.1) HDL Synthesis Report
  6) Advanced HDL Synthesis
     6.1) Advanced HDL Synthesis Report
  7) Low Level Synthesis
  8) Partition Report
  9) Final Report

=========================================================================
*                      Synthesis Options Summary                        *
=========================================================================
---- Source Parameters
Input File Name                    : "cpld.prj"
Input Format                       : mixed
Ignore Synthesis Constraint File   : NO

---- Target Parameters
Output File Name                   : "cpld"
Output Format                      : NGC
Target Device                      : XC9500XL CPLDs

---- Source Options
Top Module Name                    : cpld
Automatic FSM Extraction           : YES
FSM Encoding Algorithm             : Auto
Safe Implementation                : No
Mux Extraction                     : YES
Resource Sharing                   : YES

---- Target Options
Add IO Buffers                     : YES
MACRO Preserve                     : YES
XOR Preserve                       : YES
Equivalent register Removal        : YES

---- General Options
Optimization Goal                  : Speed
Optimization Effort                : 1
Library Search Order               : cpld.lso
Keep Hierarchy                     : YES
Netlist Hierarchy                  : as_optimized
RTL Output                         : Yes
Hierarchy Separator                : /
Bus Delimiter                      : <>
Case Specifier                     : maintain
Verilog 2001                       : YES

---- Other Options
Clock Enable                       : YES
wysiwyg                            : NO

=========================================================================


=========================================================================
*                          HDL Compilation                              *
=========================================================================
Compiling vhdl file "C:/Users/Chris/git/Raven68k/Xilinx/Raven68k/irq.vhd" in Library work.
Entity <irq> compiled.
Entity <irq> (Architecture <behavioral>) compiled.
Compiling vhdl file "C:/Users/Chris/git/Raven68k/Xilinx/Raven68k/bus_error.vhd" in Library work.
Architecture behavioral of Entity bus_error is up to date.
Compiling vhdl file "C:/Users/Chris/git/Raven68k/Xilinx/Raven68k/mem_decoder.vhd" in Library work.
Architecture behavioral of Entity mem_decoder is up to date.
Compiling vhdl file "C:/Users/Chris/git/Raven68k/Xilinx/Raven68k/dtack.vhd" in Library work.
Architecture behavioral of Entity dtack is up to date.
Compiling vhdl file "C:/Users/Chris/git/Raven68k/Xilinx/Raven68k/cpld.vhd" in Library work.
Entity <cpld> compiled.
Entity <cpld> (Architecture <behavioral>) compiled.

=========================================================================
*                     Design Hierarchy Analysis                         *
=========================================================================
Analyzing hierarchy for entity <cpld> in library <work> (architecture <behavioral>).

Analyzing hierarchy for entity <irq> in library <work> (architecture <Behavioral>).

Analyzing hierarchy for entity <bus_error> in library <work> (architecture <Behavioral>).

Analyzing hierarchy for entity <mem_decoder> in library <work> (architecture <Behavioral>).

Analyzing hierarchy for entity <dtack> in library <work> (architecture <Behavioral>).


=========================================================================
*                            HDL Analysis                               *
=========================================================================
Analyzing Entity <cpld> in library <work> (Architecture <behavioral>).
Entity <cpld> analyzed. Unit <cpld> generated.

Analyzing Entity <irq> in library <work> (Architecture <Behavioral>).
Entity <irq> analyzed. Unit <irq> generated.

Analyzing Entity <bus_error> in library <work> (Architecture <Behavioral>).
Entity <bus_error> analyzed. Unit <bus_error> generated.

Analyzing Entity <mem_decoder> in library <work> (Architecture <Behavioral>).
WARNING:Xst:819 - "C:/Users/Chris/git/Raven68k/Xilinx/Raven68k/mem_decoder.vhd" line 52: One or more signals are missing in the process sensitivity list. To enable synthesis of FPGA/CPLD hardware, XST will assume that all necessary signals are present in the sensitivity list. Please note that the result of the synthesis may differ from the initial design specification. The missing signals are:
   <as_count>, <a21>, <a17>, <uds>, <lds>
Entity <mem_decoder> analyzed. Unit <mem_decoder> generated.

Analyzing Entity <dtack> in library <work> (Architecture <Behavioral>).
Entity <dtack> analyzed. Unit <dtack> generated.


=========================================================================
*                           HDL Synthesis                               *
=========================================================================

Performing bidirectional port resolution...

Synthesizing Unit <irq>.
    Related source file is "C:/Users/Chris/git/Raven68k/Xilinx/Raven68k/irq.vhd".
Unit <irq> synthesized.


Synthesizing Unit <bus_error>.
    Related source file is "C:/Users/Chris/git/Raven68k/Xilinx/Raven68k/bus_error.vhd".
    Found 1-bit register for signal <berr>.
    Found 4-bit up counter for signal <berr_count>.
    Summary:
	inferred   1 Counter(s).
Unit <bus_error> synthesized.


Synthesizing Unit <mem_decoder>.
    Related source file is "C:/Users/Chris/git/Raven68k/Xilinx/Raven68k/mem_decoder.vhd".
WARNING:Xst:647 - Input <a7> is never used. This port will be preserved and left unconnected if it belongs to a top-level block or it belongs to a sub-block and the hierarchy of this sub-block is preserved.
WARNING:Xst:647 - Input <a8> is never used. This port will be preserved and left unconnected if it belongs to a top-level block or it belongs to a sub-block and the hierarchy of this sub-block is preserved.
WARNING:Xst:647 - Input <a9> is never used. This port will be preserved and left unconnected if it belongs to a top-level block or it belongs to a sub-block and the hierarchy of this sub-block is preserved.
INFO:Xst:1608 - Relative priorities of control signals on register <rom_odd_cs> differ from those commonly found in the selected device family. This will result in additional logic around the register.
INFO:Xst:1608 - Relative priorities of control signals on register <rom_evn_cs> differ from those commonly found in the selected device family. This will result in additional logic around the register.
WARNING:Xst:737 - Found 1-bit latch for signal <rom_odd_cs>. Latches may be generated from incomplete case or if statements. We do not recommend the use of latches in FPGA/CPLD designs, as they may lead to timing problems.
WARNING:Xst:737 - Found 4-bit latch for signal <as_count>. Latches may be generated from incomplete case or if statements. We do not recommend the use of latches in FPGA/CPLD designs, as they may lead to timing problems.
WARNING:Xst:737 - Found 1-bit latch for signal <ram_evn_cs>. Latches may be generated from incomplete case or if statements. We do not recommend the use of latches in FPGA/CPLD designs, as they may lead to timing problems.
WARNING:Xst:737 - Found 1-bit latch for signal <ram_odd_cs>. Latches may be generated from incomplete case or if statements. We do not recommend the use of latches in FPGA/CPLD designs, as they may lead to timing problems.
WARNING:Xst:737 - Found 1-bit latch for signal <duart_cs>. Latches may be generated from incomplete case or if statements. We do not recommend the use of latches in FPGA/CPLD designs, as they may lead to timing problems.
WARNING:Xst:737 - Found 1-bit latch for signal <rom_evn_cs>. Latches may be generated from incomplete case or if statements. We do not recommend the use of latches in FPGA/CPLD designs, as they may lead to timing problems.
    Found 4-bit adder for signal <as_count$add0000> created at line 59.
    Found 4-bit comparator less for signal <as_count$cmp_lt0000> created at line 56.
    Summary:
	inferred   1 Adder/Subtractor(s).
	inferred   1 Comparator(s).
Unit <mem_decoder> synthesized.


Synthesizing Unit <dtack>.
    Related source file is "C:/Users/Chris/git/Raven68k/Xilinx/Raven68k/dtack.vhd".
Unit <dtack> synthesized.


Synthesizing Unit <cpld>.
    Related source file is "C:/Users/Chris/git/Raven68k/Xilinx/Raven68k/cpld.vhd".
Unit <cpld> synthesized.


=========================================================================
HDL Synthesis Report

Macro Statistics
# Adders/Subtractors                                   : 1
 4-bit adder                                           : 1
# Counters                                             : 1
 4-bit up counter                                      : 1
# Registers                                            : 1
 1-bit register                                        : 1
# Latches                                              : 6
 1-bit latch                                           : 5
 4-bit latch                                           : 1
# Comparators                                          : 1
 4-bit comparator less                                 : 1

=========================================================================

=========================================================================
*                       Advanced HDL Synthesis                          *
=========================================================================


=========================================================================
Advanced HDL Synthesis Report

Macro Statistics
# Adders/Subtractors                                   : 1
 4-bit adder                                           : 1
# Counters                                             : 1
 4-bit up counter                                      : 1
# Registers                                            : 1
 Flip-Flops                                            : 1
# Latches                                              : 6
 1-bit latch                                           : 5
 4-bit latch                                           : 1

=========================================================================

=========================================================================
*                         Low Level Synthesis                           *
=========================================================================
WARNING:Xst:1355 - Unit dtack is merged (low complexity)

Optimizing unit <cpld> ...

Optimizing unit <irq> ...

Optimizing unit <mem_decoder> ...

Optimizing unit <bus_error> ...
  implementation constraint: INIT=r	 : berr_count_0
  implementation constraint: INIT=r	 : berr_count_1
  implementation constraint: INIT=r	 : berr_count_2
  implementation constraint: INIT=r	 : berr_count_3

=========================================================================
*                           Partition Report                             *
=========================================================================

Partition Implementation Status
-------------------------------

  No Partitions were found in this design.

-------------------------------

=========================================================================
*                            Final Report                               *
=========================================================================
Final Results
RTL Top Level Output File Name     : cpld.ngr
Top Level Output File Name         : cpld
Output Format                      : NGC
Optimization Goal                  : Speed
Keep Hierarchy                     : YES
Target Technology                  : XC9500XL CPLDs
Macro Preserve                     : YES
XOR Preserve                       : YES
Clock Enable                       : YES
wysiwyg                            : NO

Design Statistics
# IOs                              : 25

Cell Usage :
# BELS                             : 64
#      AND2                        : 23
#      AND5                        : 1
#      GND                         : 2
#      INV                         : 23
#      OR2                         : 9
#      XOR2                        : 6
# FlipFlops/Latches                : 14
#      FDCE                        : 5
#      LD                          : 4
#      LDCP                        : 2
#      LDP                         : 3
# IO Buffers                       : 22
#      IBUF                        : 10
#      OBUF                        : 12
=========================================================================


Total REAL time to Xst completion: 10.00 secs
Total CPU time to Xst completion: 9.22 secs
 
--> 

Total memory usage is 215876 kilobytes

Number of errors   :    0 (   0 filtered)
Number of warnings :   11 (   0 filtered)
Number of infos    :    2 (   0 filtered)

